08:57:38 **** Incremental Build of configuration Debug for project KameraToTransmiter ****
make -j16 all 
arm-none-eabi-gcc "../Core/Src/main.c" -mcpu=cortex-m0plus -std=gnu11 -g3 -DDEBUG -DUSE_HAL_DRIVER -DSTM32G071xx -c -I../Core/Inc -I../Drivers/STM32G0xx_HAL_Driver/Inc -I../Drivers/STM32G0xx_HAL_Driver/Inc/Legacy -I../Drivers/CMSIS/Device/ST/STM32G0xx/Include -I../Drivers/CMSIS/Include -I"C:/Users/emils/Desktop/Augstskola/Magistrs/Magistra darbs/STM32_kods/KameraToTransmiter/KameraToTransmiter/Drivers/BSP/Components/spirit1/SPIRIT1_Library/Inc" -O0 -ffunction-sections -fdata-sections -Wall -fstack-usage -fcyclomatic-complexity -MMD -MP -MF"Core/Src/main.d" -MT"Core/Src/main.o" --specs=nano.specs -mfloat-abi=soft -mthumb -o "Core/Src/main.o"
In file included from C:/Users/emils/Desktop/Augstskola/Magistrs/Magistra darbs/STM32_kods/KameraToTransmiter/KameraToTransmiter/Drivers/BSP/Components/spirit1/SPIRIT1_Library/Inc/SPIRIT_Config.h:68,
                 from ../Core/Src/main.c:29:
../Core/Src/main.c: In function 'main':
C:/Users/emils/Desktop/Augstskola/Magistrs/Magistra darbs/STM32_kods/KameraToTransmiter/KameraToTransmiter/Drivers/BSP/Components/spirit1/SPIRIT1_Library/Inc/MCU_Interface.h:119:62: warning: implicit declaration of function 'RadioEnterShutdown'; did you mean 'EnterShutdown'? [-Wimplicit-function-declaration]
  119 | #define SpiritEnterShutdown                                  RadioEnterShutdown
      |                                                              ^~~~~~~~~~~~~~~~~~
../Core/Src/main.c:244:9: note: in expansion of macro 'SpiritEnterShutdown'
  244 |         SpiritEnterShutdown();
      |         ^~~~~~~~~~~~~~~~~~~
C:/Users/emils/Desktop/Augstskola/Magistrs/Magistra darbs/STM32_kods/KameraToTransmiter/KameraToTransmiter/Drivers/BSP/Components/spirit1/SPIRIT1_Library/Inc/MCU_Interface.h:120:62: warning: implicit declaration of function 'RadioExitShutdown'; did you mean 'ExitShutdown'? [-Wimplicit-function-declaration]
  120 | #define SpiritExitShutdown                                   RadioExitShutdown
      |                                                              ^~~~~~~~~~~~~~~~~
../Core/Src/main.c:245:9: note: in expansion of macro 'SpiritExitShutdown'
  245 |         SpiritExitShutdown();
      |         ^~~~~~~~~~~~~~~~~~
../Core/Src/main.c:144:17: warning: unused variable 'count' [-Wunused-variable]
  144 |         uint8_t count = 0;
      |                 ^~~~~
../Core/Src/main.c:143:17: warning: variable 'temp' set but not used [-Wunused-but-set-variable]
  143 |         uint8_t temp = 0;
      |                 ^~~~
../Core/Src/main.c: In function 'wrSensorReg16_8':
../Core/Src/main.c:551:17: warning: variable 'ret' set but not used [-Wunused-but-set-variable]
  551 |         uint8_t ret = 0;
      |                 ^~~
../Core/Src/main.c: In function 'write_reg':
../Core/Src/main.c:564:17: warning: variable 'temp' set but not used [-Wunused-but-set-variable]
  564 |         uint8_t temp = 0;
      |                 ^~~~
../Core/Src/main.c: In function 'read_reg':
../Core/Src/main.c:579:17: warning: variable 'temp' set but not used [-Wunused-but-set-variable]
  579 |         uint8_t temp = 0;
      |                 ^~~~
../Core/Src/main.c: In function 'main':
../Core/Src/main.c:380:28: warning: 'tempData' may be used uninitialized [-Wmaybe-uninitialized]
  380 |                         if (tempData == 0x00) {
      |                            ^
arm-none-eabi-gcc -o "KameraToTransmiter.elf" @"objects.list"   -mcpu=cortex-m0plus -T"C:\Users\emils\Desktop\Augstskola\Magistrs\Magistra darbs\STM32_kods\KameraToTransmiter\KameraToTransmiter\STM32G071RBTX_FLASH.ld" --specs=nosys.specs -Wl,-Map="KameraToTransmiter.map" -Wl,--gc-sections -static --specs=nano.specs -mfloat-abi=soft -mthumb -Wl,--start-group -lc -lm -Wl,--end-group
Finished building target: KameraToTransmiter.elf
 
arm-none-eabi-size  KameraToTransmiter.elf 
arm-none-eabi-objdump -h -S KameraToTransmiter.elf  > "KameraToTransmiter.list"
   text	   data	    bss	    dec	    hex	filename
  49952	     28	   2292	  52272	   cc30	KameraToTransmiter.elf
Finished building: default.size.stdout
 
Finished building: KameraToTransmiter.list
 
09:53:18 **** Incremental Build of configuration Debug for project KameraToTransmiter ****
make -j16 all 
arm-none-eabi-size  KameraToTransmiter.elf 
   text	   data	    bss	    dec	    hex	filename
  49952	     28	   2292	  52272	   cc30	KameraToTransmiter.elf
Finished building: default.size.stdout
 
09:59:32 **** Incremental Build of configuration Debug for project KameraToTransmiter ****
make -j16 all 
arm-none-eabi-gcc "../Core/Src/main.c" -mcpu=cortex-m0plus -std=gnu11 -g3 -DDEBUG -DUSE_HAL_DRIVER -DSTM32G071xx -c -I../Core/Inc -I../Drivers/STM32G0xx_HAL_Driver/Inc -I../Drivers/STM32G0xx_HAL_Driver/Inc/Legacy -I../Drivers/CMSIS/Device/ST/STM32G0xx/Include -I../Drivers/CMSIS/Include -I"C:/Users/emils/Desktop/Augstskola/Magistrs/Magistra darbs/STM32_kods/KameraToTransmiter/KameraToTransmiter/Drivers/BSP/Components/spirit1/SPIRIT1_Library/Inc" -O0 -ffunction-sections -fdata-sections -Wall -fstack-usage -fcyclomatic-complexity -MMD -MP -MF"Core/Src/main.d" -MT"Core/Src/main.o" --specs=nano.specs -mfloat-abi=soft -mthumb -o "Core/Src/main.o"
In file included from C:/Users/emils/Desktop/Augstskola/Magistrs/Magistra darbs/STM32_kods/KameraToTransmiter/KameraToTransmiter/Drivers/BSP/Components/spirit1/SPIRIT1_Library/Inc/SPIRIT_Config.h:68,
                 from ../Core/Src/main.c:29:
../Core/Src/main.c: In function 'main':
C:/Users/emils/Desktop/Augstskola/Magistrs/Magistra darbs/STM32_kods/KameraToTransmiter/KameraToTransmiter/Drivers/BSP/Components/spirit1/SPIRIT1_Library/Inc/MCU_Interface.h:119:62: warning: implicit declaration of function 'RadioEnterShutdown'; did you mean 'EnterShutdown'? [-Wimplicit-function-declaration]
  119 | #define SpiritEnterShutdown                                  RadioEnterShutdown
      |                                                              ^~~~~~~~~~~~~~~~~~
../Core/Src/main.c:244:9: note: in expansion of macro 'SpiritEnterShutdown'
  244 |         SpiritEnterShutdown();
      |         ^~~~~~~~~~~~~~~~~~~
C:/Users/emils/Desktop/Augstskola/Magistrs/Magistra darbs/STM32_kods/KameraToTransmiter/KameraToTransmiter/Drivers/BSP/Components/spirit1/SPIRIT1_Library/Inc/MCU_Interface.h:120:62: warning: implicit declaration of function 'RadioExitShutdown'; did you mean 'ExitShutdown'? [-Wimplicit-function-declaration]
  120 | #define SpiritExitShutdown                                   RadioExitShutdown
      |                                                              ^~~~~~~~~~~~~~~~~
../Core/Src/main.c:245:9: note: in expansion of macro 'SpiritExitShutdown'
  245 |         SpiritExitShutdown();
      |         ^~~~~~~~~~~~~~~~~~
../Core/Src/main.c:144:17: warning: unused variable 'count' [-Wunused-variable]
  144 |         uint8_t count = 0;
      |                 ^~~~~
../Core/Src/main.c:143:17: warning: variable 'temp' set but not used [-Wunused-but-set-variable]
  143 |         uint8_t temp = 0;
      |                 ^~~~
../Core/Src/main.c: In function 'wrSensorReg16_8':
../Core/Src/main.c:551:17: warning: variable 'ret' set but not used [-Wunused-but-set-variable]
  551 |         uint8_t ret = 0;
      |                 ^~~
../Core/Src/main.c: In function 'write_reg':
../Core/Src/main.c:564:17: warning: variable 'temp' set but not used [-Wunused-but-set-variable]
  564 |         uint8_t temp = 0;
      |                 ^~~~
../Core/Src/main.c: In function 'read_reg':
../Core/Src/main.c:579:17: warning: variable 'temp' set but not used [-Wunused-but-set-variable]
  579 |         uint8_t temp = 0;
      |                 ^~~~
../Core/Src/main.c: In function 'main':
../Core/Src/main.c:380:28: warning: 'tempData' may be used uninitialized [-Wmaybe-uninitialized]
  380 |                         if (tempData == 0x00) {
      |                            ^
arm-none-eabi-gcc -o "KameraToTransmiter.elf" @"objects.list"   -mcpu=cortex-m0plus -T"C:\Users\emils\Desktop\Augstskola\Magistrs\Magistra darbs\STM32_kods\KameraToTransmiter\KameraToTransmiter\STM32G071RBTX_FLASH.ld" --specs=nosys.specs -Wl,-Map="KameraToTransmiter.map" -Wl,--gc-sections -static --specs=nano.specs -mfloat-abi=soft -mthumb -Wl,--start-group -lc -lm -Wl,--end-group
Finished building target: KameraToTransmiter.elf
 
arm-none-eabi-size  KameraToTransmiter.elf 
arm-none-eabi-objdump -h -S KameraToTransmiter.elf  > "KameraToTransmiter.list"
   text	   data	    bss	    dec	    hex	filename
  49952	     28	   2292	  52272	   cc30	KameraToTransmiter.elf
Finished building: default.size.stdout
 
Finished building: KameraToTransmiter.list
 
10:00:25 **** Incremental Build of configuration Debug for project KameraToTransmiter ****
make -j16 all 
arm-none-eabi-gcc "../Core/Src/main.c" -mcpu=cortex-m0plus -std=gnu11 -g3 -DDEBUG -DUSE_HAL_DRIVER -DSTM32G071xx -c -I../Core/Inc -I../Drivers/STM32G0xx_HAL_Driver/Inc -I../Drivers/STM32G0xx_HAL_Driver/Inc/Legacy -I../Drivers/CMSIS/Device/ST/STM32G0xx/Include -I../Drivers/CMSIS/Include -I"C:/Users/emils/Desktop/Augstskola/Magistrs/Magistra darbs/STM32_kods/KameraToTransmiter/KameraToTransmiter/Drivers/BSP/Components/spirit1/SPIRIT1_Library/Inc" -O0 -ffunction-sections -fdata-sections -Wall -fstack-usage -fcyclomatic-complexity -MMD -MP -MF"Core/Src/main.d" -MT"Core/Src/main.o" --specs=nano.specs -mfloat-abi=soft -mthumb -o "Core/Src/main.o"
In file included from C:/Users/emils/Desktop/Augstskola/Magistrs/Magistra darbs/STM32_kods/KameraToTransmiter/KameraToTransmiter/Drivers/BSP/Components/spirit1/SPIRIT1_Library/Inc/SPIRIT_Config.h:68,
                 from ../Core/Src/main.c:29:
../Core/Src/main.c: In function 'main':
C:/Users/emils/Desktop/Augstskola/Magistrs/Magistra darbs/STM32_kods/KameraToTransmiter/KameraToTransmiter/Drivers/BSP/Components/spirit1/SPIRIT1_Library/Inc/MCU_Interface.h:119:62: warning: implicit declaration of function 'RadioEnterShutdown'; did you mean 'EnterShutdown'? [-Wimplicit-function-declaration]
  119 | #define SpiritEnterShutdown                                  RadioEnterShutdown
      |                                                              ^~~~~~~~~~~~~~~~~~
../Core/Src/main.c:244:9: note: in expansion of macro 'SpiritEnterShutdown'
  244 |         SpiritEnterShutdown();
      |         ^~~~~~~~~~~~~~~~~~~
C:/Users/emils/Desktop/Augstskola/Magistrs/Magistra darbs/STM32_kods/KameraToTransmiter/KameraToTransmiter/Drivers/BSP/Components/spirit1/SPIRIT1_Library/Inc/MCU_Interface.h:120:62: warning: implicit declaration of function 'RadioExitShutdown'; did you mean 'ExitShutdown'? [-Wimplicit-function-declaration]
  120 | #define SpiritExitShutdown                                   RadioExitShutdown
      |                                                              ^~~~~~~~~~~~~~~~~
../Core/Src/main.c:245:9: note: in expansion of macro 'SpiritExitShutdown'
  245 |         SpiritExitShutdown();
      |         ^~~~~~~~~~~~~~~~~~
../Core/Src/main.c:144:17: warning: unused variable 'count' [-Wunused-variable]
  144 |         uint8_t count = 0;
      |                 ^~~~~
../Core/Src/main.c:143:17: warning: variable 'temp' set but not used [-Wunused-but-set-variable]
  143 |         uint8_t temp = 0;
      |                 ^~~~
../Core/Src/main.c: In function 'wrSensorReg16_8':
../Core/Src/main.c:551:17: warning: variable 'ret' set but not used [-Wunused-but-set-variable]
  551 |         uint8_t ret = 0;
      |                 ^~~
../Core/Src/main.c: In function 'write_reg':
../Core/Src/main.c:564:17: warning: variable 'temp' set but not used [-Wunused-but-set-variable]
  564 |         uint8_t temp = 0;
      |                 ^~~~
../Core/Src/main.c: In function 'read_reg':
../Core/Src/main.c:579:17: warning: variable 'temp' set but not used [-Wunused-but-set-variable]
  579 |         uint8_t temp = 0;
      |                 ^~~~
../Core/Src/main.c: In function 'main':
../Core/Src/main.c:380:28: warning: 'tempData' may be used uninitialized [-Wmaybe-uninitialized]
  380 |                         if (tempData == 0x00) {
      |                            ^
arm-none-eabi-gcc -o "KameraToTransmiter.elf" @"objects.list"   -mcpu=cortex-m0plus -T"C:\Users\emils\Desktop\Augstskola\Magistrs\Magistra darbs\STM32_kods\KameraToTransmiter\KameraToTransmiter\STM32G071RBTX_FLASH.ld" --specs=nosys.specs -Wl,-Map="KameraToTransmiter.map" -Wl,--gc-sections -static --specs=nano.specs -mfloat-abi=soft -mthumb -Wl,--start-group -lc -lm -Wl,--end-group
Finished building target: KameraToTransmiter.elf
 
arm-none-eabi-size  KameraToTransmiter.elf 
arm-none-eabi-objdump -h -S KameraToTransmiter.elf  > "KameraToTransmiter.list"
   text	   data	    bss	    dec	    hex	filename
  49952	     28	   2292	  52272	   cc30	KameraToTransmiter.elf
Finished building: default.size.stdout
 
Finished building: KameraToTransmiter.list
 
10:01:51 **** Incremental Build of configuration Debug for project KameraToTransmiter ****
make -j16 all 
arm-none-eabi-gcc "../Core/Src/main.c" -mcpu=cortex-m0plus -std=gnu11 -g3 -DDEBUG -DUSE_HAL_DRIVER -DSTM32G071xx -c -I../Core/Inc -I../Drivers/STM32G0xx_HAL_Driver/Inc -I../Drivers/STM32G0xx_HAL_Driver/Inc/Legacy -I../Drivers/CMSIS/Device/ST/STM32G0xx/Include -I../Drivers/CMSIS/Include -I"C:/Users/emils/Desktop/Augstskola/Magistrs/Magistra darbs/STM32_kods/KameraToTransmiter/KameraToTransmiter/Drivers/BSP/Components/spirit1/SPIRIT1_Library/Inc" -O0 -ffunction-sections -fdata-sections -Wall -fstack-usage -fcyclomatic-complexity -MMD -MP -MF"Core/Src/main.d" -MT"Core/Src/main.o" --specs=nano.specs -mfloat-abi=soft -mthumb -o "Core/Src/main.o"
In file included from C:/Users/emils/Desktop/Augstskola/Magistrs/Magistra darbs/STM32_kods/KameraToTransmiter/KameraToTransmiter/Drivers/BSP/Components/spirit1/SPIRIT1_Library/Inc/SPIRIT_Config.h:68,
                 from ../Core/Src/main.c:29:
../Core/Src/main.c: In function 'main':
C:/Users/emils/Desktop/Augstskola/Magistrs/Magistra darbs/STM32_kods/KameraToTransmiter/KameraToTransmiter/Drivers/BSP/Components/spirit1/SPIRIT1_Library/Inc/MCU_Interface.h:119:62: warning: implicit declaration of function 'RadioEnterShutdown'; did you mean 'EnterShutdown'? [-Wimplicit-function-declaration]
  119 | #define SpiritEnterShutdown                                  RadioEnterShutdown
      |                                                              ^~~~~~~~~~~~~~~~~~
../Core/Src/main.c:244:9: note: in expansion of macro 'SpiritEnterShutdown'
  244 |         SpiritEnterShutdown();
      |         ^~~~~~~~~~~~~~~~~~~
C:/Users/emils/Desktop/Augstskola/Magistrs/Magistra darbs/STM32_kods/KameraToTransmiter/KameraToTransmiter/Drivers/BSP/Components/spirit1/SPIRIT1_Library/Inc/MCU_Interface.h:120:62: warning: implicit declaration of function 'RadioExitShutdown'; did you mean 'ExitShutdown'? [-Wimplicit-function-declaration]
  120 | #define SpiritExitShutdown                                   RadioExitShutdown
      |                                                              ^~~~~~~~~~~~~~~~~
../Core/Src/main.c:245:9: note: in expansion of macro 'SpiritExitShutdown'
  245 |         SpiritExitShutdown();
      |         ^~~~~~~~~~~~~~~~~~
../Core/Src/main.c:144:17: warning: unused variable 'count' [-Wunused-variable]
  144 |         uint8_t count = 0;
      |                 ^~~~~
../Core/Src/main.c:143:17: warning: variable 'temp' set but not used [-Wunused-but-set-variable]
  143 |         uint8_t temp = 0;
      |                 ^~~~
../Core/Src/main.c: In function 'wrSensorReg16_8':
../Core/Src/main.c:554:17: warning: variable 'ret' set but not used [-Wunused-but-set-variable]
  554 |         uint8_t ret = 0;
      |                 ^~~
../Core/Src/main.c: In function 'write_reg':
../Core/Src/main.c:567:17: warning: variable 'temp' set but not used [-Wunused-but-set-variable]
  567 |         uint8_t temp = 0;
      |                 ^~~~
../Core/Src/main.c: In function 'read_reg':
../Core/Src/main.c:582:17: warning: variable 'temp' set but not used [-Wunused-but-set-variable]
  582 |         uint8_t temp = 0;
      |                 ^~~~
../Core/Src/main.c: In function 'main':
../Core/Src/main.c:380:28: warning: 'tempData' may be used uninitialized [-Wmaybe-uninitialized]
  380 |                         if (tempData == 0x00) {
      |                            ^
arm-none-eabi-gcc -o "KameraToTransmiter.elf" @"objects.list"   -mcpu=cortex-m0plus -T"C:\Users\emils\Desktop\Augstskola\Magistrs\Magistra darbs\STM32_kods\KameraToTransmiter\KameraToTransmiter\STM32G071RBTX_FLASH.ld" --specs=nosys.specs -Wl,-Map="KameraToTransmiter.map" -Wl,--gc-sections -static --specs=nano.specs -mfloat-abi=soft -mthumb -Wl,--start-group -lc -lm -Wl,--end-group
Finished building target: KameraToTransmiter.elf
 
arm-none-eabi-size  KameraToTransmiter.elf 
arm-none-eabi-objdump -h -S KameraToTransmiter.elf  > "KameraToTransmiter.list"
   text	   data	    bss	    dec	    hex	filename
  49952	     28	   2292	  52272	   cc30	KameraToTransmiter.elf
Finished building: default.size.stdout
 
Finished building: KameraToTransmiter.list
 
10:02:36 **** Incremental Build of configuration Debug for project KameraToTransmiter ****
make -j16 all 
arm-none-eabi-size  KameraToTransmiter.elf 
   text	   data	    bss	    dec	    hex	filename
  49952	     28	   2292	  52272	   cc30	KameraToTransmiter.elf
Finished building: default.size.stdout
 
10:03:01 **** Incremental Build of configuration Debug for project KameraToTransmiter ****
make -j16 all 
arm-none-eabi-size  KameraToTransmiter.elf 
   text	   data	    bss	    dec	    hex	filename
  49952	     28	   2292	  52272	   cc30	KameraToTransmiter.elf
Finished building: default.size.stdout
 
10:03:58 **** Incremental Build of configuration Debug for project KameraToTransmiter ****
make -j16 all 
arm-none-eabi-gcc "../Core/Src/main.c" -mcpu=cortex-m0plus -std=gnu11 -g3 -DDEBUG -DUSE_HAL_DRIVER -DSTM32G071xx -c -I../Core/Inc -I../Drivers/STM32G0xx_HAL_Driver/Inc -I../Drivers/STM32G0xx_HAL_Driver/Inc/Legacy -I../Drivers/CMSIS/Device/ST/STM32G0xx/Include -I../Drivers/CMSIS/Include -I"C:/Users/emils/Desktop/Augstskola/Magistrs/Magistra darbs/STM32_kods/KameraToTransmiter/KameraToTransmiter/Drivers/BSP/Components/spirit1/SPIRIT1_Library/Inc" -O0 -ffunction-sections -fdata-sections -Wall -fstack-usage -fcyclomatic-complexity -MMD -MP -MF"Core/Src/main.d" -MT"Core/Src/main.o" --specs=nano.specs -mfloat-abi=soft -mthumb -o "Core/Src/main.o"
In file included from C:/Users/emils/Desktop/Augstskola/Magistrs/Magistra darbs/STM32_kods/KameraToTransmiter/KameraToTransmiter/Drivers/BSP/Components/spirit1/SPIRIT1_Library/Inc/SPIRIT_Config.h:68,
                 from ../Core/Src/main.c:29:
../Core/Src/main.c: In function 'main':
C:/Users/emils/Desktop/Augstskola/Magistrs/Magistra darbs/STM32_kods/KameraToTransmiter/KameraToTransmiter/Drivers/BSP/Components/spirit1/SPIRIT1_Library/Inc/MCU_Interface.h:119:62: warning: implicit declaration of function 'RadioEnterShutdown'; did you mean 'EnterShutdown'? [-Wimplicit-function-declaration]
  119 | #define SpiritEnterShutdown                                  RadioEnterShutdown
      |                                                              ^~~~~~~~~~~~~~~~~~
../Core/Src/main.c:244:9: note: in expansion of macro 'SpiritEnterShutdown'
  244 |         SpiritEnterShutdown();
      |         ^~~~~~~~~~~~~~~~~~~
C:/Users/emils/Desktop/Augstskola/Magistrs/Magistra darbs/STM32_kods/KameraToTransmiter/KameraToTransmiter/Drivers/BSP/Components/spirit1/SPIRIT1_Library/Inc/MCU_Interface.h:120:62: warning: implicit declaration of function 'RadioExitShutdown'; did you mean 'ExitShutdown'? [-Wimplicit-function-declaration]
  120 | #define SpiritExitShutdown                                   RadioExitShutdown
      |                                                              ^~~~~~~~~~~~~~~~~
../Core/Src/main.c:245:9: note: in expansion of macro 'SpiritExitShutdown'
  245 |         SpiritExitShutdown();
      |         ^~~~~~~~~~~~~~~~~~
../Core/Src/main.c:144:17: warning: unused variable 'count' [-Wunused-variable]
  144 |         uint8_t count = 0;
      |                 ^~~~~
../Core/Src/main.c:143:17: warning: variable 'temp' set but not used [-Wunused-but-set-variable]
  143 |         uint8_t temp = 0;
      |                 ^~~~
../Core/Src/main.c: In function 'wrSensorReg16_8':
../Core/Src/main.c:554:17: warning: variable 'ret' set but not used [-Wunused-but-set-variable]
  554 |         uint8_t ret = 0;
      |                 ^~~
../Core/Src/main.c: In function 'write_reg':
../Core/Src/main.c:567:17: warning: variable 'temp' set but not used [-Wunused-but-set-variable]
  567 |         uint8_t temp = 0;
      |                 ^~~~
../Core/Src/main.c: In function 'read_reg':
../Core/Src/main.c:582:17: warning: variable 'temp' set but not used [-Wunused-but-set-variable]
  582 |         uint8_t temp = 0;
      |                 ^~~~
../Core/Src/main.c: In function 'main':
../Core/Src/main.c:380:28: warning: 'tempData' may be used uninitialized [-Wmaybe-uninitialized]
  380 |                         if (tempData == 0x00) {
      |                            ^
arm-none-eabi-gcc -o "KameraToTransmiter.elf" @"objects.list"   -mcpu=cortex-m0plus -T"C:\Users\emils\Desktop\Augstskola\Magistrs\Magistra darbs\STM32_kods\KameraToTransmiter\KameraToTransmiter\STM32G071RBTX_FLASH.ld" --specs=nosys.specs -Wl,-Map="KameraToTransmiter.map" -Wl,--gc-sections -static --specs=nano.specs -mfloat-abi=soft -mthumb -Wl,--start-group -lc -lm -Wl,--end-group
Finished building target: KameraToTransmiter.elf
 
arm-none-eabi-size  KameraToTransmiter.elf 
arm-none-eabi-objdump -h -S KameraToTransmiter.elf  > "KameraToTransmiter.list"
   text	   data	    bss	    dec	    hex	filename
  49964	     28	   2292	  52284	   cc3c	KameraToTransmiter.elf
Finished building: default.size.stdout
 
Finished building: KameraToTransmiter.list
 
10:04:19 **** Incremental Build of configuration Debug for project KameraToTransmiter ****
make -j16 all 
arm-none-eabi-size  KameraToTransmiter.elf 
   text	   data	    bss	    dec	    hex	filename
  49964	     28	   2292	  52284	   cc3c	KameraToTransmiter.elf
Finished building: default.size.stdout
 
10:07:19 **** Incremental Build of configuration Debug for project KameraToTransmiter ****
make -j16 all 
arm-none-eabi-gcc "../Core/Src/main.c" -mcpu=cortex-m0plus -std=gnu11 -g3 -DDEBUG -DUSE_HAL_DRIVER -DSTM32G071xx -c -I../Core/Inc -I../Drivers/STM32G0xx_HAL_Driver/Inc -I../Drivers/STM32G0xx_HAL_Driver/Inc/Legacy -I../Drivers/CMSIS/Device/ST/STM32G0xx/Include -I../Drivers/CMSIS/Include -I"C:/Users/emils/Desktop/Augstskola/Magistrs/Magistra darbs/STM32_kods/KameraToTransmiter/KameraToTransmiter/Drivers/BSP/Components/spirit1/SPIRIT1_Library/Inc" -O0 -ffunction-sections -fdata-sections -Wall -fstack-usage -fcyclomatic-complexity -MMD -MP -MF"Core/Src/main.d" -MT"Core/Src/main.o" --specs=nano.specs -mfloat-abi=soft -mthumb -o "Core/Src/main.o"
In file included from C:/Users/emils/Desktop/Augstskola/Magistrs/Magistra darbs/STM32_kods/KameraToTransmiter/KameraToTransmiter/Drivers/BSP/Components/spirit1/SPIRIT1_Library/Inc/SPIRIT_Config.h:68,
                 from ../Core/Src/main.c:29:
../Core/Src/main.c: In function 'main':
C:/Users/emils/Desktop/Augstskola/Magistrs/Magistra darbs/STM32_kods/KameraToTransmiter/KameraToTransmiter/Drivers/BSP/Components/spirit1/SPIRIT1_Library/Inc/MCU_Interface.h:119:62: warning: implicit declaration of function 'RadioEnterShutdown'; did you mean 'EnterShutdown'? [-Wimplicit-function-declaration]
  119 | #define SpiritEnterShutdown                                  RadioEnterShutdown
      |                                                              ^~~~~~~~~~~~~~~~~~
../Core/Src/main.c:244:9: note: in expansion of macro 'SpiritEnterShutdown'
  244 |         SpiritEnterShutdown();
      |         ^~~~~~~~~~~~~~~~~~~
C:/Users/emils/Desktop/Augstskola/Magistrs/Magistra darbs/STM32_kods/KameraToTransmiter/KameraToTransmiter/Drivers/BSP/Components/spirit1/SPIRIT1_Library/Inc/MCU_Interface.h:120:62: warning: implicit declaration of function 'RadioExitShutdown'; did you mean 'ExitShutdown'? [-Wimplicit-function-declaration]
  120 | #define SpiritExitShutdown                                   RadioExitShutdown
      |                                                              ^~~~~~~~~~~~~~~~~
../Core/Src/main.c:245:9: note: in expansion of macro 'SpiritExitShutdown'
  245 |         SpiritExitShutdown();
      |         ^~~~~~~~~~~~~~~~~~
../Core/Src/main.c:144:17: warning: unused variable 'count' [-Wunused-variable]
  144 |         uint8_t count = 0;
      |                 ^~~~~
../Core/Src/main.c:143:17: warning: variable 'temp' set but not used [-Wunused-but-set-variable]
  143 |         uint8_t temp = 0;
      |                 ^~~~
../Core/Src/main.c: In function 'wrSensorReg16_8':
../Core/Src/main.c:551:17: warning: variable 'ret' set but not used [-Wunused-but-set-variable]
  551 |         uint8_t ret = 0;
      |                 ^~~
../Core/Src/main.c: In function 'write_reg':
../Core/Src/main.c:564:17: warning: variable 'temp' set but not used [-Wunused-but-set-variable]
  564 |         uint8_t temp = 0;
      |                 ^~~~
../Core/Src/main.c: In function 'read_reg':
../Core/Src/main.c:579:17: warning: variable 'temp' set but not used [-Wunused-but-set-variable]
  579 |         uint8_t temp = 0;
      |                 ^~~~
../Core/Src/main.c: In function 'main':
../Core/Src/main.c:380:28: warning: 'tempData' may be used uninitialized [-Wmaybe-uninitialized]
  380 |                         if (tempData == 0x00) {
      |                            ^
arm-none-eabi-gcc -o "KameraToTransmiter.elf" @"objects.list"   -mcpu=cortex-m0plus -T"C:\Users\emils\Desktop\Augstskola\Magistrs\Magistra darbs\STM32_kods\KameraToTransmiter\KameraToTransmiter\STM32G071RBTX_FLASH.ld" --specs=nosys.specs -Wl,-Map="KameraToTransmiter.map" -Wl,--gc-sections -static --specs=nano.specs -mfloat-abi=soft -mthumb -Wl,--start-group -lc -lm -Wl,--end-group
Finished building target: KameraToTransmiter.elf
 
arm-none-eabi-size  KameraToTransmiter.elf 
arm-none-eabi-objdump -h -S KameraToTransmiter.elf  > "KameraToTransmiter.list"
   text	   data	    bss	    dec	    hex	filename
  49964	     28	   2292	  52284	   cc3c	KameraToTransmiter.elf
Finished building: default.size.stdout
 
Finished building: KameraToTransmiter.list
 
10:09:52 **** Incremental Build of configuration Debug for project KameraToTransmiter ****
make -j16 all 
arm-none-eabi-gcc "../Core/Src/main.c" -mcpu=cortex-m0plus -std=gnu11 -g3 -DDEBUG -DUSE_HAL_DRIVER -DSTM32G071xx -c -I../Core/Inc -I../Drivers/STM32G0xx_HAL_Driver/Inc -I../Drivers/STM32G0xx_HAL_Driver/Inc/Legacy -I../Drivers/CMSIS/Device/ST/STM32G0xx/Include -I../Drivers/CMSIS/Include -I"C:/Users/emils/Desktop/Augstskola/Magistrs/Magistra darbs/STM32_kods/KameraToTransmiter/KameraToTransmiter/Drivers/BSP/Components/spirit1/SPIRIT1_Library/Inc" -O0 -ffunction-sections -fdata-sections -Wall -fstack-usage -fcyclomatic-complexity -MMD -MP -MF"Core/Src/main.d" -MT"Core/Src/main.o" --specs=nano.specs -mfloat-abi=soft -mthumb -o "Core/Src/main.o"
In file included from C:/Users/emils/Desktop/Augstskola/Magistrs/Magistra darbs/STM32_kods/KameraToTransmiter/KameraToTransmiter/Drivers/BSP/Components/spirit1/SPIRIT1_Library/Inc/SPIRIT_Config.h:68,
                 from ../Core/Src/main.c:29:
../Core/Src/main.c: In function 'main':
C:/Users/emils/Desktop/Augstskola/Magistrs/Magistra darbs/STM32_kods/KameraToTransmiter/KameraToTransmiter/Drivers/BSP/Components/spirit1/SPIRIT1_Library/Inc/MCU_Interface.h:119:62: warning: implicit declaration of function 'RadioEnterShutdown'; did you mean 'EnterShutdown'? [-Wimplicit-function-declaration]
  119 | #define SpiritEnterShutdown                                  RadioEnterShutdown
      |                                                              ^~~~~~~~~~~~~~~~~~
../Core/Src/main.c:244:9: note: in expansion of macro 'SpiritEnterShutdown'
  244 |         SpiritEnterShutdown();
      |         ^~~~~~~~~~~~~~~~~~~
C:/Users/emils/Desktop/Augstskola/Magistrs/Magistra darbs/STM32_kods/KameraToTransmiter/KameraToTransmiter/Drivers/BSP/Components/spirit1/SPIRIT1_Library/Inc/MCU_Interface.h:120:62: warning: implicit declaration of function 'RadioExitShutdown'; did you mean 'ExitShutdown'? [-Wimplicit-function-declaration]
  120 | #define SpiritExitShutdown                                   RadioExitShutdown
      |                                                              ^~~~~~~~~~~~~~~~~
../Core/Src/main.c:245:9: note: in expansion of macro 'SpiritExitShutdown'
  245 |         SpiritExitShutdown();
      |         ^~~~~~~~~~~~~~~~~~
../Core/Src/main.c:144:17: warning: unused variable 'count' [-Wunused-variable]
  144 |         uint8_t count = 0;
      |                 ^~~~~
../Core/Src/main.c:143:17: warning: variable 'temp' set but not used [-Wunused-but-set-variable]
  143 |         uint8_t temp = 0;
      |                 ^~~~
../Core/Src/main.c: In function 'wrSensorReg16_8':
../Core/Src/main.c:551:17: warning: variable 'ret' set but not used [-Wunused-but-set-variable]
  551 |         uint8_t ret = 0;
      |                 ^~~
../Core/Src/main.c: In function 'write_reg':
../Core/Src/main.c:564:17: warning: variable 'temp' set but not used [-Wunused-but-set-variable]
  564 |         uint8_t temp = 0;
      |                 ^~~~
../Core/Src/main.c: In function 'read_reg':
../Core/Src/main.c:579:17: warning: variable 'temp' set but not used [-Wunused-but-set-variable]
  579 |         uint8_t temp = 0;
      |                 ^~~~
../Core/Src/main.c: In function 'main':
../Core/Src/main.c:380:28: warning: 'tempData' may be used uninitialized [-Wmaybe-uninitialized]
  380 |                         if (tempData == 0x00) {
      |                            ^
arm-none-eabi-gcc -o "KameraToTransmiter.elf" @"objects.list"   -mcpu=cortex-m0plus -T"C:\Users\emils\Desktop\Augstskola\Magistrs\Magistra darbs\STM32_kods\KameraToTransmiter\KameraToTransmiter\STM32G071RBTX_FLASH.ld" --specs=nosys.specs -Wl,-Map="KameraToTransmiter.map" -Wl,--gc-sections -static --specs=nano.specs -mfloat-abi=soft -mthumb -Wl,--start-group -lc -lm -Wl,--end-group
Finished building target: KameraToTransmiter.elf
 
arm-none-eabi-size  KameraToTransmiter.elf 
arm-none-eabi-objdump -h -S KameraToTransmiter.elf  > "KameraToTransmiter.list"
   text	   data	    bss	    dec	    hex	filename
  49272	     28	   2292	  51592	   c988	KameraToTransmiter.elf
Finished building: default.size.stdout
 
Finished building: KameraToTransmiter.list
 
16:08:58 **** Incremental Build of configuration Debug for project KameraToTransmiter ****
make -j16 all 
arm-none-eabi-gcc "../Core/Src/main.c" -mcpu=cortex-m0plus -std=gnu11 -g3 -DDEBUG -DUSE_HAL_DRIVER -DSTM32G071xx -c -I../Core/Inc -I../Drivers/STM32G0xx_HAL_Driver/Inc -I../Drivers/STM32G0xx_HAL_Driver/Inc/Legacy -I../Drivers/CMSIS/Device/ST/STM32G0xx/Include -I../Drivers/CMSIS/Include -I"C:/Users/emils/Desktop/Augstskola/Magistrs/Magistra darbs/STM32_kods/KameraToTransmiter/KameraToTransmiter/Drivers/BSP/Components/spirit1/SPIRIT1_Library/Inc" -O0 -ffunction-sections -fdata-sections -Wall -fstack-usage -fcyclomatic-complexity -MMD -MP -MF"Core/Src/main.d" -MT"Core/Src/main.o" --specs=nano.specs -mfloat-abi=soft -mthumb -o "Core/Src/main.o"
In file included from C:/Users/emils/Desktop/Augstskola/Magistrs/Magistra darbs/STM32_kods/KameraToTransmiter/KameraToTransmiter/Drivers/BSP/Components/spirit1/SPIRIT1_Library/Inc/SPIRIT_Config.h:68,
                 from ../Core/Src/main.c:29:
../Core/Src/main.c: In function 'main':
C:/Users/emils/Desktop/Augstskola/Magistrs/Magistra darbs/STM32_kods/KameraToTransmiter/KameraToTransmiter/Drivers/BSP/Components/spirit1/SPIRIT1_Library/Inc/MCU_Interface.h:119:62: warning: implicit declaration of function 'RadioEnterShutdown'; did you mean 'EnterShutdown'? [-Wimplicit-function-declaration]
  119 | #define SpiritEnterShutdown                                  RadioEnterShutdown
      |                                                              ^~~~~~~~~~~~~~~~~~
../Core/Src/main.c:244:9: note: in expansion of macro 'SpiritEnterShutdown'
  244 |         SpiritEnterShutdown();
      |         ^~~~~~~~~~~~~~~~~~~
C:/Users/emils/Desktop/Augstskola/Magistrs/Magistra darbs/STM32_kods/KameraToTransmiter/KameraToTransmiter/Drivers/BSP/Components/spirit1/SPIRIT1_Library/Inc/MCU_Interface.h:120:62: warning: implicit declaration of function 'RadioExitShutdown'; did you mean 'ExitShutdown'? [-Wimplicit-function-declaration]
  120 | #define SpiritExitShutdown                                   RadioExitShutdown
      |                                                              ^~~~~~~~~~~~~~~~~
../Core/Src/main.c:245:9: note: in expansion of macro 'SpiritExitShutdown'
  245 |         SpiritExitShutdown();
      |         ^~~~~~~~~~~~~~~~~~
../Core/Src/main.c:147:17: warning: unused variable 'tempData' [-Wunused-variable]
  147 |         uint8_t tempData, tempData_last;
      |                 ^~~~~~~~
../Core/Src/main.c:144:17: warning: unused variable 'count' [-Wunused-variable]
  144 |         uint8_t count = 0;
      |                 ^~~~~
../Core/Src/main.c:143:17: warning: variable 'temp' set but not used [-Wunused-but-set-variable]
  143 |         uint8_t temp = 0;
      |                 ^~~~
../Core/Src/main.c:137:17: warning: unused variable 'payload' [-Wunused-variable]
  137 |         uint8_t payload[40];
      |                 ^~~~~~~
../Core/Src/main.c: In function 'wrSensorReg16_8':
../Core/Src/main.c:545:17: warning: variable 'ret' set but not used [-Wunused-but-set-variable]
  545 |         uint8_t ret = 0;
      |                 ^~~
../Core/Src/main.c: In function 'write_reg':
../Core/Src/main.c:558:17: warning: variable 'temp' set but not used [-Wunused-but-set-variable]
  558 |         uint8_t temp = 0;
      |                 ^~~~
../Core/Src/main.c: In function 'read_reg':
../Core/Src/main.c:573:17: warning: variable 'temp' set but not used [-Wunused-but-set-variable]
  573 |         uint8_t temp = 0;
      |                 ^~~~
arm-none-eabi-gcc -o "KameraToTransmiter.elf" @"objects.list"   -mcpu=cortex-m0plus -T"C:\Users\emils\Desktop\Augstskola\Magistrs\Magistra darbs\STM32_kods\KameraToTransmiter\KameraToTransmiter\STM32G071RBTX_FLASH.ld" --specs=nosys.specs -Wl,-Map="KameraToTransmiter.map" -Wl,--gc-sections -static --specs=nano.specs -mfloat-abi=soft -mthumb -Wl,--start-group -lc -lm -Wl,--end-group
Finished building target: KameraToTransmiter.elf
 
arm-none-eabi-size  KameraToTransmiter.elf 
arm-none-eabi-objdump -h -S KameraToTransmiter.elf  > "KameraToTransmiter.list"
   text	   data	    bss	    dec	    hex	filename
  49872	     28	   2292	  52192	   cbe0	KameraToTransmiter.elf
Finished building: default.size.stdout
 
Finished building: KameraToTransmiter.list
 
16:21:28 **** Incremental Build of configuration Debug for project KameraToTransmiter ****
make -j16 all 
arm-none-eabi-gcc "../Core/Src/main.c" -mcpu=cortex-m0plus -std=gnu11 -g3 -DDEBUG -DUSE_HAL_DRIVER -DSTM32G071xx -c -I../Core/Inc -I../Drivers/STM32G0xx_HAL_Driver/Inc -I../Drivers/STM32G0xx_HAL_Driver/Inc/Legacy -I../Drivers/CMSIS/Device/ST/STM32G0xx/Include -I../Drivers/CMSIS/Include -I"C:/Users/emils/Desktop/Augstskola/Magistrs/Magistra darbs/STM32_kods/KameraToTransmiter/KameraToTransmiter/Drivers/BSP/Components/spirit1/SPIRIT1_Library/Inc" -O0 -ffunction-sections -fdata-sections -Wall -fstack-usage -fcyclomatic-complexity -MMD -MP -MF"Core/Src/main.d" -MT"Core/Src/main.o" --specs=nano.specs -mfloat-abi=soft -mthumb -o "Core/Src/main.o"
../Core/Src/main.c: In function 'main':
../Core/Src/main.c:182:17: error: 'temp' undeclared (first use in this function)
  182 |                 temp = HAL_SPI_TransmitReceive(&hspi2, &spi_buf, &spi_recv_buf, 1, 100);
      |                 ^~~~
../Core/Src/main.c:182:17: note: each undeclared identifier is reported only once for each function it appears in
In file included from C:/Users/emils/Desktop/Augstskola/Magistrs/Magistra darbs/STM32_kods/KameraToTransmiter/KameraToTransmiter/Drivers/BSP/Components/spirit1/SPIRIT1_Library/Inc/SPIRIT_Config.h:68,
                 from ../Core/Src/main.c:29:
C:/Users/emils/Desktop/Augstskola/Magistrs/Magistra darbs/STM32_kods/KameraToTransmiter/KameraToTransmiter/Drivers/BSP/Components/spirit1/SPIRIT1_Library/Inc/MCU_Interface.h:119:62: warning: implicit declaration of function 'RadioEnterShutdown'; did you mean 'EnterShutdown'? [-Wimplicit-function-declaration]
  119 | #define SpiritEnterShutdown                                  RadioEnterShutdown
      |                                                              ^~~~~~~~~~~~~~~~~~
../Core/Src/main.c:242:9: note: in expansion of macro 'SpiritEnterShutdown'
  242 |         SpiritEnterShutdown();
      |         ^~~~~~~~~~~~~~~~~~~
C:/Users/emils/Desktop/Augstskola/Magistrs/Magistra darbs/STM32_kods/KameraToTransmiter/KameraToTransmiter/Drivers/BSP/Components/spirit1/SPIRIT1_Library/Inc/MCU_Interface.h:120:62: warning: implicit declaration of function 'RadioExitShutdown'; did you mean 'ExitShutdown'? [-Wimplicit-function-declaration]
  120 | #define SpiritExitShutdown                                   RadioExitShutdown
      |                                                              ^~~~~~~~~~~~~~~~~
../Core/Src/main.c:243:9: note: in expansion of macro 'SpiritExitShutdown'
  243 |         SpiritExitShutdown();
      |         ^~~~~~~~~~~~~~~~~~
../Core/Src/main.c:386:71: error: 'tempData_last' undeclared (first use in this function)
  386 |                                 if (!checkForFirstBit(buffer_RX[var], tempData_last)) {
      |                                                                       ^~~~~~~~~~~~~
../Core/Src/main.c: In function 'wrSensorReg16_8':
../Core/Src/main.c:543:17: warning: variable 'ret' set but not used [-Wunused-but-set-variable]
  543 |         uint8_t ret = 0;
      |                 ^~~
../Core/Src/main.c: In function 'write_reg':
../Core/Src/main.c:556:17: warning: variable 'temp' set but not used [-Wunused-but-set-variable]
  556 |         uint8_t temp = 0;
      |                 ^~~~
../Core/Src/main.c: In function 'read_reg':
../Core/Src/main.c:571:17: warning: variable 'temp' set but not used [-Wunused-but-set-variable]
  571 |         uint8_t temp = 0;
      |                 ^~~~
make: *** [Core/Src/subdir.mk:52: Core/Src/main.o] Error 1
"make -j16 all" terminated with exit code 2. Build might be incomplete.
16:22:23 **** Incremental Build of configuration Debug for project KameraToTransmiter ****
make -j16 all 
arm-none-eabi-gcc "../Core/Src/main.c" -mcpu=cortex-m0plus -std=gnu11 -g3 -DDEBUG -DUSE_HAL_DRIVER -DSTM32G071xx -c -I../Core/Inc -I../Drivers/STM32G0xx_HAL_Driver/Inc -I../Drivers/STM32G0xx_HAL_Driver/Inc/Legacy -I../Drivers/CMSIS/Device/ST/STM32G0xx/Include -I../Drivers/CMSIS/Include -I"C:/Users/emils/Desktop/Augstskola/Magistrs/Magistra darbs/STM32_kods/KameraToTransmiter/KameraToTransmiter/Drivers/BSP/Components/spirit1/SPIRIT1_Library/Inc" -O0 -ffunction-sections -fdata-sections -Wall -fstack-usage -fcyclomatic-complexity -MMD -MP -MF"Core/Src/main.d" -MT"Core/Src/main.o" --specs=nano.specs -mfloat-abi=soft -mthumb -o "Core/Src/main.o"
In file included from C:/Users/emils/Desktop/Augstskola/Magistrs/Magistra darbs/STM32_kods/KameraToTransmiter/KameraToTransmiter/Drivers/BSP/Components/spirit1/SPIRIT1_Library/Inc/SPIRIT_Config.h:68,
                 from ../Core/Src/main.c:29:
../Core/Src/main.c: In function 'main':
C:/Users/emils/Desktop/Augstskola/Magistrs/Magistra darbs/STM32_kods/KameraToTransmiter/KameraToTransmiter/Drivers/BSP/Components/spirit1/SPIRIT1_Library/Inc/MCU_Interface.h:119:62: warning: implicit declaration of function 'RadioEnterShutdown'; did you mean 'EnterShutdown'? [-Wimplicit-function-declaration]
  119 | #define SpiritEnterShutdown                                  RadioEnterShutdown
      |                                                              ^~~~~~~~~~~~~~~~~~
../Core/Src/main.c:244:9: note: in expansion of macro 'SpiritEnterShutdown'
  244 |         SpiritEnterShutdown();
      |         ^~~~~~~~~~~~~~~~~~~
C:/Users/emils/Desktop/Augstskola/Magistrs/Magistra darbs/STM32_kods/KameraToTransmiter/KameraToTransmiter/Drivers/BSP/Components/spirit1/SPIRIT1_Library/Inc/MCU_Interface.h:120:62: warning: implicit declaration of function 'RadioExitShutdown'; did you mean 'ExitShutdown'? [-Wimplicit-function-declaration]
  120 | #define SpiritExitShutdown                                   RadioExitShutdown
      |                                                              ^~~~~~~~~~~~~~~~~
../Core/Src/main.c:245:9: note: in expansion of macro 'SpiritExitShutdown'
  245 |         SpiritExitShutdown();
      |         ^~~~~~~~~~~~~~~~~~
../Core/Src/main.c:147:17: warning: unused variable 'tempData' [-Wunused-variable]
  147 |         uint8_t tempData, tempData_last;
      |                 ^~~~~~~~
../Core/Src/main.c:143:17: warning: variable 'temp' set but not used [-Wunused-but-set-variable]
  143 |         uint8_t temp = 0;
      |                 ^~~~
../Core/Src/main.c:137:17: warning: unused variable 'payload' [-Wunused-variable]
  137 |         uint8_t payload[40];
      |                 ^~~~~~~
../Core/Src/main.c: In function 'wrSensorReg16_8':
../Core/Src/main.c:545:17: warning: variable 'ret' set but not used [-Wunused-but-set-variable]
  545 |         uint8_t ret = 0;
      |                 ^~~
../Core/Src/main.c: In function 'write_reg':
../Core/Src/main.c:558:17: warning: variable 'temp' set but not used [-Wunused-but-set-variable]
  558 |         uint8_t temp = 0;
      |                 ^~~~
../Core/Src/main.c: In function 'read_reg':
../Core/Src/main.c:573:17: warning: variable 'temp' set but not used [-Wunused-but-set-variable]
  573 |         uint8_t temp = 0;
      |                 ^~~~
arm-none-eabi-gcc -o "KameraToTransmiter.elf" @"objects.list"   -mcpu=cortex-m0plus -T"C:\Users\emils\Desktop\Augstskola\Magistrs\Magistra darbs\STM32_kods\KameraToTransmiter\KameraToTransmiter\STM32G071RBTX_FLASH.ld" --specs=nosys.specs -Wl,-Map="KameraToTransmiter.map" -Wl,--gc-sections -static --specs=nano.specs -mfloat-abi=soft -mthumb -Wl,--start-group -lc -lm -Wl,--end-group
Finished building target: KameraToTransmiter.elf
 
arm-none-eabi-size  KameraToTransmiter.elf 
arm-none-eabi-objdump -h -S KameraToTransmiter.elf  > "KameraToTransmiter.list"
   text	   data	    bss	    dec	    hex	filename
  49204	     28	   2292	  51524	   c944	KameraToTransmiter.elf
Finished building: default.size.stdout
 
Finished building: KameraToTransmiter.list
 
17:28:06 **** Incremental Build of configuration Debug for project KameraToTransmiter ****
make -j16 all 
arm-none-eabi-size  KameraToTransmiter.elf 
   text	   data	    bss	    dec	    hex	filename
  49204	     28	   2292	  51524	   c944	KameraToTransmiter.elf
Finished building: default.size.stdout
 
17:31:31 **** Incremental Build of configuration Debug for project KameraToTransmiter ****
make -j16 all 
arm-none-eabi-gcc "../Core/Src/main.c" -mcpu=cortex-m0plus -std=gnu11 -g3 -DDEBUG -DUSE_HAL_DRIVER -DSTM32G071xx -c -I../Core/Inc -I../Drivers/STM32G0xx_HAL_Driver/Inc -I../Drivers/STM32G0xx_HAL_Driver/Inc/Legacy -I../Drivers/CMSIS/Device/ST/STM32G0xx/Include -I../Drivers/CMSIS/Include -I"C:/Users/emils/Desktop/Augstskola/Magistrs/Magistra darbs/STM32_kods/KameraToTransmiter/KameraToTransmiter/Drivers/BSP/Components/spirit1/SPIRIT1_Library/Inc" -O0 -ffunction-sections -fdata-sections -Wall -fstack-usage -fcyclomatic-complexity -MMD -MP -MF"Core/Src/main.d" -MT"Core/Src/main.o" --specs=nano.specs -mfloat-abi=soft -mthumb -o "Core/Src/main.o"
In file included from C:/Users/emils/Desktop/Augstskola/Magistrs/Magistra darbs/STM32_kods/KameraToTransmiter/KameraToTransmiter/Drivers/BSP/Components/spirit1/SPIRIT1_Library/Inc/SPIRIT_Config.h:68,
                 from ../Core/Src/main.c:29:
../Core/Src/main.c: In function 'main':
C:/Users/emils/Desktop/Augstskola/Magistrs/Magistra darbs/STM32_kods/KameraToTransmiter/KameraToTransmiter/Drivers/BSP/Components/spirit1/SPIRIT1_Library/Inc/MCU_Interface.h:119:62: warning: implicit declaration of function 'RadioEnterShutdown'; did you mean 'EnterShutdown'? [-Wimplicit-function-declaration]
  119 | #define SpiritEnterShutdown                                  RadioEnterShutdown
      |                                                              ^~~~~~~~~~~~~~~~~~
../Core/Src/main.c:244:9: note: in expansion of macro 'SpiritEnterShutdown'
  244 |         SpiritEnterShutdown();
      |         ^~~~~~~~~~~~~~~~~~~
C:/Users/emils/Desktop/Augstskola/Magistrs/Magistra darbs/STM32_kods/KameraToTransmiter/KameraToTransmiter/Drivers/BSP/Components/spirit1/SPIRIT1_Library/Inc/MCU_Interface.h:120:62: warning: implicit declaration of function 'RadioExitShutdown'; did you mean 'ExitShutdown'? [-Wimplicit-function-declaration]
  120 | #define SpiritExitShutdown                                   RadioExitShutdown
      |                                                              ^~~~~~~~~~~~~~~~~
../Core/Src/main.c:245:9: note: in expansion of macro 'SpiritExitShutdown'
  245 |         SpiritExitShutdown();
      |         ^~~~~~~~~~~~~~~~~~
../Core/Src/main.c:147:17: warning: unused variable 'tempData' [-Wunused-variable]
  147 |         uint8_t tempData, tempData_last;
      |                 ^~~~~~~~
../Core/Src/main.c:143:17: warning: variable 'temp' set but not used [-Wunused-but-set-variable]
  143 |         uint8_t temp = 0;
      |                 ^~~~
../Core/Src/main.c:137:17: warning: unused variable 'payload' [-Wunused-variable]
  137 |         uint8_t payload[40];
      |                 ^~~~~~~
../Core/Src/main.c: In function 'wrSensorReg16_8':
../Core/Src/main.c:545:17: warning: variable 'ret' set but not used [-Wunused-but-set-variable]
  545 |         uint8_t ret = 0;
      |                 ^~~
../Core/Src/main.c: In function 'write_reg':
../Core/Src/main.c:558:17: warning: variable 'temp' set but not used [-Wunused-but-set-variable]
  558 |         uint8_t temp = 0;
      |                 ^~~~
../Core/Src/main.c: In function 'read_reg':
../Core/Src/main.c:573:17: warning: variable 'temp' set but not used [-Wunused-but-set-variable]
  573 |         uint8_t temp = 0;
      |                 ^~~~
arm-none-eabi-gcc -o "KameraToTransmiter.elf" @"objects.list"   -mcpu=cortex-m0plus -T"C:\Users\emils\Desktop\Augstskola\Magistrs\Magistra darbs\STM32_kods\KameraToTransmiter\KameraToTransmiter\STM32G071RBTX_FLASH.ld" --specs=nosys.specs -Wl,-Map="KameraToTransmiter.map" -Wl,--gc-sections -static --specs=nano.specs -mfloat-abi=soft -mthumb -Wl,--start-group -lc -lm -Wl,--end-group
Finished building target: KameraToTransmiter.elf
 
arm-none-eabi-size  KameraToTransmiter.elf 
arm-none-eabi-objdump -h -S KameraToTransmiter.elf  > "KameraToTransmiter.list"
   text	   data	    bss	    dec	    hex	filename
  49884	     28	   2292	  52204	   cbec	KameraToTransmiter.elf
Finished building: default.size.stdout
 
Finished building: KameraToTransmiter.list
 
17:34:43 **** Incremental Build of configuration Debug for project KameraToTransmiter ****
make -j16 all 
arm-none-eabi-gcc "../Core/Src/main.c" -mcpu=cortex-m0plus -std=gnu11 -g3 -DDEBUG -DUSE_HAL_DRIVER -DSTM32G071xx -c -I../Core/Inc -I../Drivers/STM32G0xx_HAL_Driver/Inc -I../Drivers/STM32G0xx_HAL_Driver/Inc/Legacy -I../Drivers/CMSIS/Device/ST/STM32G0xx/Include -I../Drivers/CMSIS/Include -I"C:/Users/emils/Desktop/Augstskola/Magistrs/Magistra darbs/STM32_kods/KameraToTransmiter/KameraToTransmiter/Drivers/BSP/Components/spirit1/SPIRIT1_Library/Inc" -O0 -ffunction-sections -fdata-sections -Wall -fstack-usage -fcyclomatic-complexity -MMD -MP -MF"Core/Src/main.d" -MT"Core/Src/main.o" --specs=nano.specs -mfloat-abi=soft -mthumb -o "Core/Src/main.o"
In file included from C:/Users/emils/Desktop/Augstskola/Magistrs/Magistra darbs/STM32_kods/KameraToTransmiter/KameraToTransmiter/Drivers/BSP/Components/spirit1/SPIRIT1_Library/Inc/SPIRIT_Config.h:68,
                 from ../Core/Src/main.c:29:
../Core/Src/main.c: In function 'main':
C:/Users/emils/Desktop/Augstskola/Magistrs/Magistra darbs/STM32_kods/KameraToTransmiter/KameraToTransmiter/Drivers/BSP/Components/spirit1/SPIRIT1_Library/Inc/MCU_Interface.h:119:62: warning: implicit declaration of function 'RadioEnterShutdown'; did you mean 'EnterShutdown'? [-Wimplicit-function-declaration]
  119 | #define SpiritEnterShutdown                                  RadioEnterShutdown
      |                                                              ^~~~~~~~~~~~~~~~~~
../Core/Src/main.c:244:9: note: in expansion of macro 'SpiritEnterShutdown'
  244 |         SpiritEnterShutdown();
      |         ^~~~~~~~~~~~~~~~~~~
C:/Users/emils/Desktop/Augstskola/Magistrs/Magistra darbs/STM32_kods/KameraToTransmiter/KameraToTransmiter/Drivers/BSP/Components/spirit1/SPIRIT1_Library/Inc/MCU_Interface.h:120:62: warning: implicit declaration of function 'RadioExitShutdown'; did you mean 'ExitShutdown'? [-Wimplicit-function-declaration]
  120 | #define SpiritExitShutdown                                   RadioExitShutdown
      |                                                              ^~~~~~~~~~~~~~~~~
../Core/Src/main.c:245:9: note: in expansion of macro 'SpiritExitShutdown'
  245 |         SpiritExitShutdown();
      |         ^~~~~~~~~~~~~~~~~~
../Core/Src/main.c:147:27: warning: unused variable 'tempData_last' [-Wunused-variable]
  147 |         uint8_t tempData, tempData_last;
      |                           ^~~~~~~~~~~~~
../Core/Src/main.c:147:17: warning: unused variable 'tempData' [-Wunused-variable]
  147 |         uint8_t tempData, tempData_last;
      |                 ^~~~~~~~
../Core/Src/main.c:143:17: warning: variable 'temp' set but not used [-Wunused-but-set-variable]
  143 |         uint8_t temp = 0;
      |                 ^~~~
../Core/Src/main.c:137:17: warning: unused variable 'payload' [-Wunused-variable]
  137 |         uint8_t payload[40];
      |                 ^~~~~~~
../Core/Src/main.c: In function 'wrSensorReg16_8':
../Core/Src/main.c:546:17: warning: variable 'ret' set but not used [-Wunused-but-set-variable]
  546 |         uint8_t ret = 0;
      |                 ^~~
../Core/Src/main.c: In function 'write_reg':
../Core/Src/main.c:559:17: warning: variable 'temp' set but not used [-Wunused-but-set-variable]
  559 |         uint8_t temp = 0;
      |                 ^~~~
../Core/Src/main.c: In function 'read_reg':
../Core/Src/main.c:574:17: warning: variable 'temp' set but not used [-Wunused-but-set-variable]
  574 |         uint8_t temp = 0;
      |                 ^~~~
arm-none-eabi-gcc -o "KameraToTransmiter.elf" @"objects.list"   -mcpu=cortex-m0plus -T"C:\Users\emils\Desktop\Augstskola\Magistrs\Magistra darbs\STM32_kods\KameraToTransmiter\KameraToTransmiter\STM32G071RBTX_FLASH.ld" --specs=nosys.specs -Wl,-Map="KameraToTransmiter.map" -Wl,--gc-sections -static --specs=nano.specs -mfloat-abi=soft -mthumb -Wl,--start-group -lc -lm -Wl,--end-group
Finished building target: KameraToTransmiter.elf
 
arm-none-eabi-size  KameraToTransmiter.elf 
arm-none-eabi-objdump -h -S KameraToTransmiter.elf  > "KameraToTransmiter.list"
   text	   data	    bss	    dec	    hex	filename
  49632	     28	   2292	  51952	   caf0	KameraToTransmiter.elf
Finished building: default.size.stdout
 
Finished building: KameraToTransmiter.list
 
17:38:21 **** Incremental Build of configuration Debug for project KameraToTransmiter ****
make -j16 all 
arm-none-eabi-size  KameraToTransmiter.elf 
   text	   data	    bss	    dec	    hex	filename
  49632	     28	   2292	  51952	   caf0	KameraToTransmiter.elf
Finished building: default.size.stdout
 
18:10:08 **** Incremental Build of configuration Debug for project KameraToTransmiter ****
make -j16 all 
arm-none-eabi-gcc "../Core/Src/main.c" -mcpu=cortex-m0plus -std=gnu11 -g3 -DDEBUG -DUSE_HAL_DRIVER -DSTM32G071xx -c -I../Core/Inc -I../Drivers/STM32G0xx_HAL_Driver/Inc -I../Drivers/STM32G0xx_HAL_Driver/Inc/Legacy -I../Drivers/CMSIS/Device/ST/STM32G0xx/Include -I../Drivers/CMSIS/Include -I"C:/Users/emils/Desktop/Augstskola/Magistrs/Magistra darbs/STM32_kods/KameraToTransmiter/KameraToTransmiter/Drivers/BSP/Components/spirit1/SPIRIT1_Library/Inc" -O0 -ffunction-sections -fdata-sections -Wall -fstack-usage -fcyclomatic-complexity -MMD -MP -MF"Core/Src/main.d" -MT"Core/Src/main.o" --specs=nano.specs -mfloat-abi=soft -mthumb -o "Core/Src/main.o"
In file included from C:/Users/emils/Desktop/Augstskola/Magistrs/Magistra darbs/STM32_kods/KameraToTransmiter/KameraToTransmiter/Drivers/BSP/Components/spirit1/SPIRIT1_Library/Inc/SPIRIT_Config.h:68,
                 from ../Core/Src/main.c:29:
../Core/Src/main.c: In function 'main':
C:/Users/emils/Desktop/Augstskola/Magistrs/Magistra darbs/STM32_kods/KameraToTransmiter/KameraToTransmiter/Drivers/BSP/Components/spirit1/SPIRIT1_Library/Inc/MCU_Interface.h:119:62: warning: implicit declaration of function 'RadioEnterShutdown'; did you mean 'EnterShutdown'? [-Wimplicit-function-declaration]
  119 | #define SpiritEnterShutdown                                  RadioEnterShutdown
      |                                                              ^~~~~~~~~~~~~~~~~~
../Core/Src/main.c:244:9: note: in expansion of macro 'SpiritEnterShutdown'
  244 |         SpiritEnterShutdown();
      |         ^~~~~~~~~~~~~~~~~~~
C:/Users/emils/Desktop/Augstskola/Magistrs/Magistra darbs/STM32_kods/KameraToTransmiter/KameraToTransmiter/Drivers/BSP/Components/spirit1/SPIRIT1_Library/Inc/MCU_Interface.h:120:62: warning: implicit declaration of function 'RadioExitShutdown'; did you mean 'ExitShutdown'? [-Wimplicit-function-declaration]
  120 | #define SpiritExitShutdown                                   RadioExitShutdown
      |                                                              ^~~~~~~~~~~~~~~~~
../Core/Src/main.c:245:9: note: in expansion of macro 'SpiritExitShutdown'
  245 |         SpiritExitShutdown();
      |         ^~~~~~~~~~~~~~~~~~
../Core/Src/main.c:147:27: warning: unused variable 'tempData_last' [-Wunused-variable]
  147 |         uint8_t tempData, tempData_last;
      |                           ^~~~~~~~~~~~~
../Core/Src/main.c:147:17: warning: unused variable 'tempData' [-Wunused-variable]
  147 |         uint8_t tempData, tempData_last;
      |                 ^~~~~~~~
../Core/Src/main.c:143:17: warning: variable 'temp' set but not used [-Wunused-but-set-variable]
  143 |         uint8_t temp = 0;
      |                 ^~~~
../Core/Src/main.c:137:17: warning: unused variable 'payload' [-Wunused-variable]
  137 |         uint8_t payload[40];
      |                 ^~~~~~~
../Core/Src/main.c: In function 'wrSensorReg16_8':
../Core/Src/main.c:546:17: warning: variable 'ret' set but not used [-Wunused-but-set-variable]
  546 |         uint8_t ret = 0;
      |                 ^~~
../Core/Src/main.c: In function 'write_reg':
../Core/Src/main.c:559:17: warning: variable 'temp' set but not used [-Wunused-but-set-variable]
  559 |         uint8_t temp = 0;
      |                 ^~~~
../Core/Src/main.c: In function 'read_reg':
../Core/Src/main.c:574:17: warning: variable 'temp' set but not used [-Wunused-but-set-variable]
  574 |         uint8_t temp = 0;
      |                 ^~~~
arm-none-eabi-gcc -o "KameraToTransmiter.elf" @"objects.list"   -mcpu=cortex-m0plus -T"C:\Users\emils\Desktop\Augstskola\Magistrs\Magistra darbs\STM32_kods\KameraToTransmiter\KameraToTransmiter\STM32G071RBTX_FLASH.ld" --specs=nosys.specs -Wl,-Map="KameraToTransmiter.map" -Wl,--gc-sections -static --specs=nano.specs -mfloat-abi=soft -mthumb -Wl,--start-group -lc -lm -Wl,--end-group
Finished building target: KameraToTransmiter.elf
 
arm-none-eabi-size  KameraToTransmiter.elf 
arm-none-eabi-objdump -h -S KameraToTransmiter.elf  > "KameraToTransmiter.list"
   text	   data	    bss	    dec	    hex	filename
  49632	     28	   2292	  51952	   caf0	KameraToTransmiter.elf
Finished building: default.size.stdout
 
Finished building: KameraToTransmiter.list
 
