17:41:47 **** Incremental Build of configuration Debug for project KameraToTransmiter ****
make -j16 all 
arm-none-eabi-gcc "../Drivers/BSP/Components/spirit1/radio_target.c" -mcpu=cortex-m0plus -std=gnu11 -g3 -DDEBUG -DUSE_HAL_DRIVER -DSTM32G071xx -c -I../Core/Inc -I../Drivers/STM32G0xx_HAL_Driver/Inc -I../Drivers/STM32G0xx_HAL_Driver/Inc/Legacy -I../Drivers/CMSIS/Device/ST/STM32G0xx/Include -I../Drivers/CMSIS/Include -I"C:/Users/emils/Desktop/Augstskola/Magistrs/Magistra darbs/STM32_kods/KameraToTransmiter/KameraToTransmiter/Drivers/BSP/Components/spirit1/SPIRIT1_Library/Inc" -O0 -ffunction-sections -fdata-sections -Wall -fstack-usage -fcyclomatic-complexity -MMD -MP -MF"Drivers/BSP/Components/spirit1/radio_target.d" -MT"Drivers/BSP/Components/spirit1/radio_target.o" --specs=nano.specs -mfloat-abi=soft -mthumb -o "Drivers/BSP/Components/spirit1/radio_target.o"
arm-none-eabi-gcc -o "KameraToTransmiter.elf" @"objects.list"   -mcpu=cortex-m0plus -T"C:\Users\emils\Desktop\Augstskola\Magistrs\Magistra darbs\STM32_kods\KameraToTransmiter\KameraToTransmiter\STM32G071RBTX_FLASH.ld" --specs=nosys.specs -Wl,-Map="KameraToTransmiter.map" -Wl,--gc-sections -static --specs=nano.specs -mfloat-abi=soft -mthumb -Wl,--start-group -lc -lm -Wl,--end-group
Finished building target: KameraToTransmiter.elf
 
arm-none-eabi-size  KameraToTransmiter.elf 
arm-none-eabi-objdump -h -S KameraToTransmiter.elf  > "KameraToTransmiter.list"
   text	   data	    bss	    dec	    hex	filename
  46916	     28	   2020	  48964	   bf44	KameraToTransmiter.elf
Finished building: default.size.stdout
 
Finished building: KameraToTransmiter.list
 
17:54:29 **** Incremental Build of configuration Debug for project KameraToTransmiter ****
make -j16 all 
arm-none-eabi-gcc "../Core/Src/main.c" -mcpu=cortex-m0plus -std=gnu11 -g3 -DDEBUG -DUSE_HAL_DRIVER -DSTM32G071xx -c -I../Core/Inc -I../Drivers/STM32G0xx_HAL_Driver/Inc -I../Drivers/STM32G0xx_HAL_Driver/Inc/Legacy -I../Drivers/CMSIS/Device/ST/STM32G0xx/Include -I../Drivers/CMSIS/Include -I"C:/Users/emils/Desktop/Augstskola/Magistrs/Magistra darbs/STM32_kods/KameraToTransmiter/KameraToTransmiter/Drivers/BSP/Components/spirit1/SPIRIT1_Library/Inc" -O0 -ffunction-sections -fdata-sections -Wall -fstack-usage -fcyclomatic-complexity -MMD -MP -MF"Core/Src/main.d" -MT"Core/Src/main.o" --specs=nano.specs -mfloat-abi=soft -mthumb -o "Core/Src/main.o"
In file included from C:/Users/emils/Desktop/Augstskola/Magistrs/Magistra darbs/STM32_kods/KameraToTransmiter/KameraToTransmiter/Drivers/BSP/Components/spirit1/SPIRIT1_Library/Inc/SPIRIT_Config.h:68,
                 from ../Core/Src/main.c:28:
../Core/Src/main.c: In function 'main':
C:/Users/emils/Desktop/Augstskola/Magistrs/Magistra darbs/STM32_kods/KameraToTransmiter/KameraToTransmiter/Drivers/BSP/Components/spirit1/SPIRIT1_Library/Inc/MCU_Interface.h:119:62: warning: implicit declaration of function 'RadioEnterShutdown'; did you mean 'EnterShutdown'? [-Wimplicit-function-declaration]
  119 | #define SpiritEnterShutdown                                  RadioEnterShutdown
      |                                                              ^~~~~~~~~~~~~~~~~~
../Core/Src/main.c:240:9: note: in expansion of macro 'SpiritEnterShutdown'
  240 |         SpiritEnterShutdown();
      |         ^~~~~~~~~~~~~~~~~~~
C:/Users/emils/Desktop/Augstskola/Magistrs/Magistra darbs/STM32_kods/KameraToTransmiter/KameraToTransmiter/Drivers/BSP/Components/spirit1/SPIRIT1_Library/Inc/MCU_Interface.h:120:62: warning: implicit declaration of function 'RadioExitShutdown'; did you mean 'ExitShutdown'? [-Wimplicit-function-declaration]
  120 | #define SpiritExitShutdown                                   RadioExitShutdown
      |                                                              ^~~~~~~~~~~~~~~~~
../Core/Src/main.c:241:9: note: in expansion of macro 'SpiritExitShutdown'
  241 |         SpiritExitShutdown();
      |         ^~~~~~~~~~~~~~~~~~
../Core/Src/main.c:383:65: warning: pointer targets in passing argument 1 of 'strlen' differ in signedness [-Wpointer-sign]
  383 |                                 SPSGRF_StartTx(&payload, strlen(payload));
      |                                                                 ^~~~~~~
      |                                                                 |
      |                                                                 uint8_t * {aka unsigned char *}
In file included from ../Core/Src/main.c:29:
C:\ST\STM32CubeIDE_1.14.0\STM32CubeIDE\plugins\com.st.stm32cube.ide.mcu.externaltools.gnu-tools-for-stm32.11.3.rel1.win32_1.1.100.202309141235\tools\bin/../lib/gcc/arm-none-eabi/11.3.1/../../../../arm-none-eabi/include/string.h:41:18: note: expected 'const char *' but argument is of type 'uint8_t *' {aka 'unsigned char *'}
   41 | size_t   strlen (const char *);
      |                  ^~~~~~~~~~~~
../Core/Src/main.c:383:48: warning: passing argument 1 of 'SPSGRF_StartTx' from incompatible pointer type [-Wincompatible-pointer-types]
  383 |                                 SPSGRF_StartTx(&payload, strlen(payload));
      |                                                ^~~~~~~~
      |                                                |
      |                                                uint8_t (*)[40] {aka unsigned char (*)[40]}
../Core/Src/main.c:105:30: note: expected 'uint8_t *' {aka 'unsigned char *'} but argument is of type 'uint8_t (*)[40]' {aka 'unsigned char (*)[40]'}
  105 | void SPSGRF_StartTx(uint8_t *txBuff, uint8_t txLen);
      |                     ~~~~~~~~~^~~~~~
../Core/Src/main.c:387:62: warning: pointer targets in passing argument 1 of 'strlen' differ in signedness [-Wpointer-sign]
  387 |                                 memset(payload, '\0', strlen(payload));
      |                                                              ^~~~~~~
      |                                                              |
      |                                                              uint8_t * {aka unsigned char *}
In file included from ../Core/Src/main.c:29:
C:\ST\STM32CubeIDE_1.14.0\STM32CubeIDE\plugins\com.st.stm32cube.ide.mcu.externaltools.gnu-tools-for-stm32.11.3.rel1.win32_1.1.100.202309141235\tools\bin/../lib/gcc/arm-none-eabi/11.3.1/../../../../arm-none-eabi/include/string.h:41:18: note: expected 'const char *' but argument is of type 'uint8_t *' {aka 'unsigned char *'}
   41 | size_t   strlen (const char *);
      |                  ^~~~~~~~~~~~
../Core/Src/main.c:140:17: warning: variable 'temp' set but not used [-Wunused-but-set-variable]
  140 |         uint8_t temp = 0;
      |                 ^~~~
../Core/Src/main.c: In function 'wrSensorReg16_8':
../Core/Src/main.c:540:17: warning: variable 'ret' set but not used [-Wunused-but-set-variable]
  540 |         uint8_t ret = 0;
      |                 ^~~
../Core/Src/main.c: In function 'write_reg':
../Core/Src/main.c:553:17: warning: variable 'temp' set but not used [-Wunused-but-set-variable]
  553 |         uint8_t temp = 0;
      |                 ^~~~
../Core/Src/main.c: In function 'read_reg':
../Core/Src/main.c:568:17: warning: variable 'temp' set but not used [-Wunused-but-set-variable]
  568 |         uint8_t temp = 0;
      |                 ^~~~
arm-none-eabi-gcc -o "KameraToTransmiter.elf" @"objects.list"   -mcpu=cortex-m0plus -T"C:\Users\emils\Desktop\Augstskola\Magistrs\Magistra darbs\STM32_kods\KameraToTransmiter\KameraToTransmiter\STM32G071RBTX_FLASH.ld" --specs=nosys.specs -Wl,-Map="KameraToTransmiter.map" -Wl,--gc-sections -static --specs=nano.specs -mfloat-abi=soft -mthumb -Wl,--start-group -lc -lm -Wl,--end-group
Finished building target: KameraToTransmiter.elf
 
arm-none-eabi-size  KameraToTransmiter.elf 
arm-none-eabi-objdump -h -S KameraToTransmiter.elf  > "KameraToTransmiter.list"
   text	   data	    bss	    dec	    hex	filename
  46916	     28	   2020	  48964	   bf44	KameraToTransmiter.elf
Finished building: default.size.stdout
 
Finished building: KameraToTransmiter.list
 
17:55:13 **** Incremental Build of configuration Debug for project KameraToTransmiter ****
make -j16 all 
arm-none-eabi-size  KameraToTransmiter.elf 
   text	   data	    bss	    dec	    hex	filename
  46916	     28	   2020	  48964	   bf44	KameraToTransmiter.elf
Finished building: default.size.stdout
 
17:55:31 **** Incremental Build of configuration Debug for project KameraToTransmiter ****
make -j16 all 
arm-none-eabi-size  KameraToTransmiter.elf 
   text	   data	    bss	    dec	    hex	filename
  46916	     28	   2020	  48964	   bf44	KameraToTransmiter.elf
Finished building: default.size.stdout
 
22:17:02 **** Incremental Build of configuration Debug for project KameraToTransmiter ****
make -j16 all 
arm-none-eabi-gcc "../Core/Src/main.c" -mcpu=cortex-m0plus -std=gnu11 -g3 -DDEBUG -DUSE_HAL_DRIVER -DSTM32G071xx -c -I../Core/Inc -I../Drivers/STM32G0xx_HAL_Driver/Inc -I../Drivers/STM32G0xx_HAL_Driver/Inc/Legacy -I../Drivers/CMSIS/Device/ST/STM32G0xx/Include -I../Drivers/CMSIS/Include -I"C:/Users/emils/Desktop/Augstskola/Magistrs/Magistra darbs/STM32_kods/KameraToTransmiter/KameraToTransmiter/Drivers/BSP/Components/spirit1/SPIRIT1_Library/Inc" -O0 -ffunction-sections -fdata-sections -Wall -fstack-usage -fcyclomatic-complexity -MMD -MP -MF"Core/Src/main.d" -MT"Core/Src/main.o" --specs=nano.specs -mfloat-abi=soft -mthumb -o "Core/Src/main.o"
In file included from C:/Users/emils/Desktop/Augstskola/Magistrs/Magistra darbs/STM32_kods/KameraToTransmiter/KameraToTransmiter/Drivers/BSP/Components/spirit1/SPIRIT1_Library/Inc/SPIRIT_Config.h:68,
                 from ../Core/Src/main.c:28:
../Core/Src/main.c: In function 'main':
C:/Users/emils/Desktop/Augstskola/Magistrs/Magistra darbs/STM32_kods/KameraToTransmiter/KameraToTransmiter/Drivers/BSP/Components/spirit1/SPIRIT1_Library/Inc/MCU_Interface.h:119:62: warning: implicit declaration of function 'RadioEnterShutdown'; did you mean 'EnterShutdown'? [-Wimplicit-function-declaration]
  119 | #define SpiritEnterShutdown                                  RadioEnterShutdown
      |                                                              ^~~~~~~~~~~~~~~~~~
../Core/Src/main.c:240:9: note: in expansion of macro 'SpiritEnterShutdown'
  240 |         SpiritEnterShutdown();
      |         ^~~~~~~~~~~~~~~~~~~
C:/Users/emils/Desktop/Augstskola/Magistrs/Magistra darbs/STM32_kods/KameraToTransmiter/KameraToTransmiter/Drivers/BSP/Components/spirit1/SPIRIT1_Library/Inc/MCU_Interface.h:120:62: warning: implicit declaration of function 'RadioExitShutdown'; did you mean 'ExitShutdown'? [-Wimplicit-function-declaration]
  120 | #define SpiritExitShutdown                                   RadioExitShutdown
      |                                                              ^~~~~~~~~~~~~~~~~
../Core/Src/main.c:241:9: note: in expansion of macro 'SpiritExitShutdown'
  241 |         SpiritExitShutdown();
      |         ^~~~~~~~~~~~~~~~~~
../Core/Src/main.c:383:65: warning: pointer targets in passing argument 1 of 'strlen' differ in signedness [-Wpointer-sign]
  383 |                                 SPSGRF_StartTx(&payload, strlen(payload));
      |                                                                 ^~~~~~~
      |                                                                 |
      |                                                                 uint8_t * {aka unsigned char *}
In file included from ../Core/Src/main.c:29:
C:\ST\STM32CubeIDE_1.14.0\STM32CubeIDE\plugins\com.st.stm32cube.ide.mcu.externaltools.gnu-tools-for-stm32.11.3.rel1.win32_1.1.100.202309141235\tools\bin/../lib/gcc/arm-none-eabi/11.3.1/../../../../arm-none-eabi/include/string.h:41:18: note: expected 'const char *' but argument is of type 'uint8_t *' {aka 'unsigned char *'}
   41 | size_t   strlen (const char *);
      |                  ^~~~~~~~~~~~
../Core/Src/main.c:383:48: warning: passing argument 1 of 'SPSGRF_StartTx' from incompatible pointer type [-Wincompatible-pointer-types]
  383 |                                 SPSGRF_StartTx(&payload, strlen(payload));
      |                                                ^~~~~~~~
      |                                                |
      |                                                uint8_t (*)[40] {aka unsigned char (*)[40]}
../Core/Src/main.c:105:30: note: expected 'uint8_t *' {aka 'unsigned char *'} but argument is of type 'uint8_t (*)[40]' {aka 'unsigned char (*)[40]'}
  105 | void SPSGRF_StartTx(uint8_t *txBuff, uint8_t txLen);
      |                     ~~~~~~~~~^~~~~~
../Core/Src/main.c:386:62: warning: pointer targets in passing argument 1 of 'strlen' differ in signedness [-Wpointer-sign]
  386 |                                 memset(payload, '\0', strlen(payload));
      |                                                              ^~~~~~~
      |                                                              |
      |                                                              uint8_t * {aka unsigned char *}
In file included from ../Core/Src/main.c:29:
C:\ST\STM32CubeIDE_1.14.0\STM32CubeIDE\plugins\com.st.stm32cube.ide.mcu.externaltools.gnu-tools-for-stm32.11.3.rel1.win32_1.1.100.202309141235\tools\bin/../lib/gcc/arm-none-eabi/11.3.1/../../../../arm-none-eabi/include/string.h:41:18: note: expected 'const char *' but argument is of type 'uint8_t *' {aka 'unsigned char *'}
   41 | size_t   strlen (const char *);
      |                  ^~~~~~~~~~~~
../Core/Src/main.c:140:17: warning: variable 'temp' set but not used [-Wunused-but-set-variable]
  140 |         uint8_t temp = 0;
      |                 ^~~~
../Core/Src/main.c: In function 'wrSensorReg16_8':
../Core/Src/main.c:539:17: warning: variable 'ret' set but not used [-Wunused-but-set-variable]
  539 |         uint8_t ret = 0;
      |                 ^~~
../Core/Src/main.c: In function 'write_reg':
../Core/Src/main.c:552:17: warning: variable 'temp' set but not used [-Wunused-but-set-variable]
  552 |         uint8_t temp = 0;
      |                 ^~~~
../Core/Src/main.c: In function 'read_reg':
../Core/Src/main.c:567:17: warning: variable 'temp' set but not used [-Wunused-but-set-variable]
  567 |         uint8_t temp = 0;
      |                 ^~~~
arm-none-eabi-gcc -o "KameraToTransmiter.elf" @"objects.list"   -mcpu=cortex-m0plus -T"C:\Users\emils\Desktop\Augstskola\Magistrs\Magistra darbs\STM32_kods\KameraToTransmiter\KameraToTransmiter\STM32G071RBTX_FLASH.ld" --specs=nosys.specs -Wl,-Map="KameraToTransmiter.map" -Wl,--gc-sections -static --specs=nano.specs -mfloat-abi=soft -mthumb -Wl,--start-group -lc -lm -Wl,--end-group
Finished building target: KameraToTransmiter.elf
 
arm-none-eabi-size  KameraToTransmiter.elf 
arm-none-eabi-objdump -h -S KameraToTransmiter.elf  > "KameraToTransmiter.list"
   text	   data	    bss	    dec	    hex	filename
  46916	     28	   2020	  48964	   bf44	KameraToTransmiter.elf
Finished building: default.size.stdout
 
Finished building: KameraToTransmiter.list
 
22:18:16 **** Incremental Build of configuration Debug for project KameraToTransmiter ****
make -j16 all 
arm-none-eabi-size  KameraToTransmiter.elf 
   text	   data	    bss	    dec	    hex	filename
  46916	     28	   2020	  48964	   bf44	KameraToTransmiter.elf
Finished building: default.size.stdout
 
22:21:44 **** Incremental Build of configuration Debug for project KameraToTransmiter ****
make -j16 all 
arm-none-eabi-gcc "../Core/Src/gpio.c" -mcpu=cortex-m0plus -std=gnu11 -g3 -DDEBUG -DUSE_HAL_DRIVER -DSTM32G071xx -c -I../Core/Inc -I../Drivers/STM32G0xx_HAL_Driver/Inc -I../Drivers/STM32G0xx_HAL_Driver/Inc/Legacy -I../Drivers/CMSIS/Device/ST/STM32G0xx/Include -I../Drivers/CMSIS/Include -I"C:/Users/emils/Desktop/Augstskola/Magistrs/Magistra darbs/STM32_kods/KameraToTransmiter/KameraToTransmiter/Drivers/BSP/Components/spirit1/SPIRIT1_Library/Inc" -O0 -ffunction-sections -fdata-sections -Wall -fstack-usage -fcyclomatic-complexity -MMD -MP -MF"Core/Src/gpio.d" -MT"Core/Src/gpio.o" --specs=nano.specs -mfloat-abi=soft -mthumb -o "Core/Src/gpio.o"
arm-none-eabi-gcc -o "KameraToTransmiter.elf" @"objects.list"   -mcpu=cortex-m0plus -T"C:\Users\emils\Desktop\Augstskola\Magistrs\Magistra darbs\STM32_kods\KameraToTransmiter\KameraToTransmiter\STM32G071RBTX_FLASH.ld" --specs=nosys.specs -Wl,-Map="KameraToTransmiter.map" -Wl,--gc-sections -static --specs=nano.specs -mfloat-abi=soft -mthumb -Wl,--start-group -lc -lm -Wl,--end-group
Finished building target: KameraToTransmiter.elf
 
arm-none-eabi-size  KameraToTransmiter.elf 
arm-none-eabi-objdump -h -S KameraToTransmiter.elf  > "KameraToTransmiter.list"
   text	   data	    bss	    dec	    hex	filename
  46916	     28	   2020	  48964	   bf44	KameraToTransmiter.elf
Finished building: default.size.stdout
 
Finished building: KameraToTransmiter.list
 
22:28:19 **** Incremental Build of configuration Debug for project KameraToTransmiter ****
make -j16 all 
arm-none-eabi-size  KameraToTransmiter.elf 
   text	   data	    bss	    dec	    hex	filename
  46916	     28	   2020	  48964	   bf44	KameraToTransmiter.elf
Finished building: default.size.stdout
 
